

================================================================
== Vivado HLS Report for 'variable_note_pos'
================================================================
* Date:           Wed May  4 10:33:00 2022

* Version:        2020.1 (Build 2897737 on Wed May 27 20:21:37 MDT 2020)
* Project:        MS_decode_256_128
* Solution:       s5_update_resource_dependence
* Product family: kintex7
* Target device:  xc7k325t-ffg900-2


================================================================
== Performance Estimates
================================================================
+ Timing: 
    * Summary: 
    +--------+----------+----------+------------+
    |  Clock |  Target  | Estimated| Uncertainty|
    +--------+----------+----------+------------+
    |ap_clk  | 10.00 ns | 7.138 ns |   1.25 ns  |
    +--------+----------+----------+------------+

+ Latency: 
    * Summary: 
    +---------+---------+----------+----------+-------+-------+---------------------------------------------+
    |  Latency (cycles) |  Latency (absolute) |    Interval   |                   Pipeline                  |
    |   min   |   max   |    min   |    max   |  min  |  max  |                     Type                    |
    +---------+---------+----------+----------+-------+-------+---------------------------------------------+
    |    32768|    32769| 0.328 ms | 0.328 ms |  32768|  32768| loop rewind(delay=0 initiation interval(s)) |
    +---------+---------+----------+----------+-------+-------+---------------------------------------------+

    + Detail: 
        * Instance: 
        N/A

        * Loop: 
        +-----------------------+---------+---------+----------+-----------+-----------+-------+----------+
        |                       |  Latency (cycles) | Iteration|  Initiation Interval  |  Trip |          |
        |       Loop Name       |   min   |   max   |  Latency |  achieved |   target  | Count | Pipelined|
        +-----------------------+---------+---------+----------+-----------+-----------+-------+----------+
        |- LOOP_qi_1_LOOP_qi_2  |    32768|    32768|         2|          1|          1|  32768|    yes   |
        +-----------------------+---------+---------+----------+-----------+-----------+-------+----------+



================================================================
== Utilization Estimates
================================================================
* Summary: 
+-----------------+---------+-------+--------+--------+-----+
|       Name      | BRAM_18K| DSP48E|   FF   |   LUT  | URAM|
+-----------------+---------+-------+--------+--------+-----+
|DSP              |        -|      -|       -|       -|    -|
|Expression       |        -|      -|       0|     279|    -|
|FIFO             |        -|      -|       -|       -|    -|
|Instance         |        -|      -|       -|       -|    -|
|Memory           |        -|      -|      10|      20|    -|
|Multiplexer      |        -|      -|       -|     137|    -|
|Register         |        -|      -|      96|       -|    -|
+-----------------+---------+-------+--------+--------+-----+
|Total            |        0|      0|     106|     436|    0|
+-----------------+---------+-------+--------+--------+-----+
|Available        |      890|    840|  407600|  203800|    0|
+-----------------+---------+-------+--------+--------+-----+
|Utilization (%)  |        0|      0|   ~0   |   ~0   |    0|
+-----------------+---------+-------+--------+--------+-----+

+ Detail: 
    * Instance: 
    N/A

    * DSP48E: 
    N/A

    * Memory: 
    +-------+---------------------+---------+----+----+-----+------+-----+------+-------------+
    | Memory|        Module       | BRAM_18K| FF | LUT| URAM| Words| Bits| Banks| W*Bits*Banks|
    +-------+---------------------+---------+----+----+-----+------+-----+------+-------------+
    |P_U    |variable_note_pos_P  |        0|  10|  20|    0|   256|    5|     1|         1280|
    +-------+---------------------+---------+----+----+-----+------+-----+------+-------------+
    |Total  |                     |        0|  10|  20|    0|   256|    5|     1|         1280|
    +-------+---------------------+---------+----+----+-----+------+-----+------+-------------+

    * FIFO: 
    N/A

    * Expression: 
    +--------------------------+----------+-------+---+----+------------+------------+
    |       Variable Name      | Operation| DSP48E| FF| LUT| Bitwidth P0| Bitwidth P1|
    +--------------------------+----------+-------+---+----+------------+------------+
    |add_ln1265_fu_271_p2      |     +    |      0|  0|  24|          17|          17|
    |add_ln82_fu_289_p2        |     +    |      0|  0|  22|          15|           1|
    |i_fu_228_p2               |     +    |      0|  0|  16|           9|           1|
    |j_fu_295_p2               |     +    |      0|  0|  15|           8|           1|
    |p_Val2_10_fu_464_p2       |     +    |      0|  0|  15|           8|           8|
    |p_Val2_6_fu_347_p2        |     +    |      0|  0|  15|           8|           8|
    |ret_V_2_fu_333_p2         |     +    |      0|  0|  16|           9|           9|
    |ret_V_fu_450_p2           |     +    |      0|  0|  16|           9|           9|
    |and_ln340_fu_415_p2       |    and   |      0|  0|   2|           1|           1|
    |ap_condition_121          |    and   |      0|  0|   2|           1|           1|
    |ap_condition_39           |    and   |      0|  0|   2|           1|           1|
    |underflow_1_fu_484_p2     |    and   |      0|  0|   2|           1|           1|
    |underflow_fu_367_p2       |    and   |      0|  0|   2|           1|           1|
    |icmp_ln82_fu_307_p2       |   icmp   |      0|  0|  13|          15|           2|
    |icmp_ln84_fu_301_p2       |   icmp   |      0|  0|  13|           8|           9|
    |icmp_ln89_fu_283_p2       |   icmp   |      0|  0|  11|           8|           7|
    |or_ln340_2_fu_502_p2      |    or    |      0|  0|   2|           1|           1|
    |or_ln340_fu_385_p2        |    or    |      0|  0|   2|           1|           1|
    |p_Val2_8_fu_421_p3        |  select  |      0|  0|   8|           1|           8|
    |qi_V_4_d1                 |  select  |      0|  0|   8|           1|           8|
    |select_ln340_1_fu_508_p3  |  select  |      0|  0|   8|           1|           7|
    |select_ln340_fu_391_p3    |  select  |      0|  0|   8|           1|           7|
    |select_ln388_1_fu_516_p3  |  select  |      0|  0|   9|           1|           9|
    |select_ln388_fu_399_p3    |  select  |      0|  0|   9|           1|           9|
    |select_ln82_fu_242_p3     |  select  |      0|  0|   9|           1|           9|
    |select_ln84_fu_234_p3     |  select  |      0|  0|   8|           1|           1|
    |select_ln86_fu_407_p3     |  select  |      0|  0|   8|           1|           8|
    |ap_enable_pp0             |    xor   |      0|  0|   2|           1|           2|
    |xor_ln340_1_fu_496_p2     |    xor   |      0|  0|   2|           1|           2|
    |xor_ln340_2_fu_373_p2     |    xor   |      0|  0|   2|           1|           1|
    |xor_ln340_3_fu_490_p2     |    xor   |      0|  0|   2|           1|           1|
    |xor_ln340_fu_379_p2       |    xor   |      0|  0|   2|           1|           2|
    |xor_ln786_1_fu_478_p2     |    xor   |      0|  0|   2|           1|           2|
    |xor_ln786_fu_361_p2       |    xor   |      0|  0|   2|           1|           2|
    +--------------------------+----------+-------+---+----+------------+------------+
    |Total                     |          |      0|  0| 279|         137|         157|
    +--------------------------+----------+-------+---+----+------------+------------+

    * Multiplexer: 
    +------------------------------------------+----+-----------+-----+-----------+
    |                   Name                   | LUT| Input Size| Bits| Total Bits|
    +------------------------------------------+----+-----------+-----+-----------+
    |ap_NS_fsm                                 |  13|          3|    1|          3|
    |ap_enable_reg_pp0_iter1                   |   9|          2|    1|          2|
    |ap_phi_mux_i_02_phi_fu_162_p6             |  13|          3|    9|         27|
    |ap_phi_mux_icmp_ln845_phi_fu_134_p6       |  13|          3|    1|          3|
    |ap_phi_mux_indvar_flatten1_phi_fu_176_p6  |  13|          3|   15|         45|
    |ap_phi_mux_j_04_phi_fu_148_p6             |  13|          3|    8|         24|
    |ap_phi_mux_p_Val2_s_phi_fu_220_p4         |   9|          2|    8|         16|
    |ap_phi_reg_pp0_iter1_p_Val2_s_reg_215     |   9|          2|    8|         16|
    |i_02_reg_158                              |   9|          2|    9|         18|
    |icmp_ln845_reg_130                        |   9|          2|    1|          2|
    |indvar_flatten1_reg_172                   |   9|          2|   15|         30|
    |j_04_reg_144                              |   9|          2|    8|         16|
    |p_Val2_3_reg_201                          |   9|          2|    8|         16|
    +------------------------------------------+----+-----------+-----+-----------+
    |Total                                     | 137|         31|   92|        218|
    +------------------------------------------+----+-----------+-----+-----------+

    * Register: 
    +---------------------------------------+----+----+-----+-----------+
    |                  Name                 | FF | LUT| Bits| Const Bits|
    +---------------------------------------+----+----+-----+-----------+
    |add_ln82_reg_559                       |  15|   0|   15|          0|
    |ap_CS_fsm                              |   2|   0|    2|          0|
    |ap_enable_reg_pp0_iter1                |   1|   0|    1|          0|
    |ap_phi_reg_pp0_iter1_p_Val2_s_reg_215  |   8|   0|    8|          0|
    |i_02_reg_158                           |   9|   0|    9|          0|
    |icmp_ln82_reg_579                      |   1|   0|    1|          0|
    |icmp_ln845_reg_130                     |   1|   0|    1|          0|
    |icmp_ln84_reg_574                      |   1|   0|    1|          0|
    |icmp_ln89_reg_555                      |   1|   0|    1|          0|
    |indvar_flatten1_reg_172                |  15|   0|   15|          0|
    |j_04_reg_144                           |   8|   0|    8|          0|
    |j_reg_569                              |   8|   0|    8|          0|
    |p_Val2_3_reg_201                       |   8|   0|    8|          0|
    |select_ln82_reg_535                    |   9|   0|    9|          0|
    |zext_ln86_reg_540                      |   9|   0|   64|         55|
    +---------------------------------------+----+----+-----+-----------+
    |Total                                  |  96|   0|  151|         55|
    +---------------------------------------+----+----+-----+-----------+



================================================================
== Interface
================================================================
* Summary: 
+-----------------+-----+-----+------------+-------------------+--------------+
|    RTL Ports    | Dir | Bits|  Protocol  |   Source Object   |    C Type    |
+-----------------+-----+-----+------------+-------------------+--------------+
|ap_clk           |  in |    1| ap_ctrl_hs | variable_note_pos | return value |
|ap_rst           |  in |    1| ap_ctrl_hs | variable_note_pos | return value |
|ap_start         |  in |    1| ap_ctrl_hs | variable_note_pos | return value |
|ap_done          | out |    1| ap_ctrl_hs | variable_note_pos | return value |
|ap_idle          | out |    1| ap_ctrl_hs | variable_note_pos | return value |
|ap_ready         | out |    1| ap_ctrl_hs | variable_note_pos | return value |
|H_address0       | out |   15|  ap_memory |         H         |     array    |
|H_ce0            | out |    1|  ap_memory |         H         |     array    |
|H_q0             |  in |    1|  ap_memory |         H         |     array    |
|qi_V_4_address1  | out |    8|  ap_memory |       qi_V_4      |     array    |
|qi_V_4_ce1       | out |    1|  ap_memory |       qi_V_4      |     array    |
|qi_V_4_we1       | out |    1|  ap_memory |       qi_V_4      |     array    |
|qi_V_4_d1        | out |    8|  ap_memory |       qi_V_4      |     array    |
|r_V_address0     | out |   15|  ap_memory |        r_V        |     array    |
|r_V_ce0          | out |    1|  ap_memory |        r_V        |     array    |
|r_V_q0           |  in |    5|  ap_memory |        r_V        |     array    |
+-----------------+-----+-----+------------+-------------------+--------------+

